C:\Users\dunca\Desktop\UBBAnu3Sem2\SSVV\Lab5DemoSerenityJUnit\src\test\java\org\example\pages\DictionaryPage.java
C:\Users\dunca\Desktop\UBBAnu3Sem2\SSVV\Lab5DemoSerenityJUnit\src\test\java\org\example\features\search\package-info.java
C:\Users\dunca\Desktop\UBBAnu3Sem2\SSVV\Lab5DemoSerenityJUnit\src\test\java\org\example\features\search\SearchByKeywordStory.java
C:\Users\dunca\Desktop\UBBAnu3Sem2\SSVV\Lab5DemoSerenityJUnit\src\test\java\org\example\pages\EmagAddPage.java
C:\Users\dunca\Desktop\UBBAnu3Sem2\SSVV\Lab5DemoSerenityJUnit\src\test\java\org\example\features\search\SearchEmag.java
C:\Users\dunca\Desktop\UBBAnu3Sem2\SSVV\Lab5DemoSerenityJUnit\src\test\java\org\example\steps\serenity\EndUserSteps.java
C:\Users\dunca\Desktop\UBBAnu3Sem2\SSVV\Lab5DemoSerenityJUnit\src\test\java\org\example\features\search\AddEmag.java
C:\Users\dunca\Desktop\UBBAnu3Sem2\SSVV\Lab5DemoSerenityJUnit\src\test\java\org\example\pages\EmagPage.java
C:\Users\dunca\Desktop\UBBAnu3Sem2\SSVV\Lab5DemoSerenityJUnit\src\test\java\org\example\steps\serenity\EndUsersEmag.java
C:\Users\dunca\Desktop\UBBAnu3Sem2\SSVV\Lab5DemoSerenityJUnit\src\test\java\org\example\features\search\SearchByKeywordStoryDDT.java
